EN mux_5 NULL "D:/Documents/Year 3/Term 6/Xilinx Programs/Mips/MahmoudMostafa_19102461_2021/MIPS_SOURCES/Mux_5BIT/MUX_5.vhd" sub00/vhpl08 1653942870
AR mux2_1 behavioral "D:/Documents/Year 3/Term 6/Xilinx Programs/Mips/MahmoudMostafa_19102461_2021/MIPS_SOURCES/Mux_32BIT/Mux2_1.vhd" sub00/vhpl15 1653942865
AR adder4bit behavioral "D:/Documents/Year 3/Term 6/Xilinx Programs/Mips/MahmoudMostafa_19102461_2021/MIPS_SOURCES/Adder2/Adder4Bit.vhd" sub00/vhpl03 1653942863
EN alu_control NULL "D:/Documents/Year 3/Term 6/Xilinx Programs/Mips/MahmoudMostafa_19102461_2021/MIPS_SOURCES/Alu_control/ALU_Control.vhd" sub00/vhpl12 1653942874
EN alu4bit NULL "D:/Documents/Year 3/Term 6/Xilinx Programs/Mips/MahmoudMostafa_19102461_2021/MIPS_SOURCES/Mahmoud_Mostafa_ALU_SignExtend/alu/ALU4Bit.vhd" sub00/vhpl16 1653942876
EN adder32bit NULL "D:/Documents/Year 3/Term 6/Xilinx Programs/Mips/MahmoudMostafa_19102461_2021/MIPS_SOURCES/Adder/Adder32Bit.vhd" sub00/vhpl00 1653942860
AR signextend32bit behavioral "D:/Documents/Year 3/Term 6/Xilinx Programs/Mips/MahmoudMostafa_19102461_2021/MIPS_SOURCES/Mahmoud_Mostafa_ALU_SignExtend/SignExtend/SignExtend32Bit.vhd" sub00/vhpl07 1653942869
AR instmem behavioral "D:/Documents/Year 3/Term 6/Xilinx Programs/Mips/MahmoudMostafa_19102461_2021/MIPS_SOURCES/InstructionMemory/InstMem.vhd" sub00/vhpl05 1653942867
AR memoryunit behavioral "D:/Documents/Year 3/Term 6/Xilinx Programs/Mips/MahmoudMostafa_19102461_2021/MIPS_SOURCES/MahmoudMostafa_memUnit/MemoryUnit.vhd" sub00/vhpl19 1653942879
AR alu4bit behavioral "D:/Documents/Year 3/Term 6/Xilinx Programs/Mips/MahmoudMostafa_19102461_2021/MIPS_SOURCES/Mahmoud_Mostafa_ALU_SignExtend/alu/ALU4Bit.vhd" sub00/vhpl17 1653942877
EN shiftleft NULL "D:/Documents/Year 3/Term 6/Xilinx Programs/Mips/MahmoudMostafa_19102461_2021/MIPS_SOURCES/ShiftLeft2Bit/ShiftLeft.vhd" sub00/vhpl22 1653942882
EN memoryunit NULL "D:/Documents/Year 3/Term 6/Xilinx Programs/Mips/MahmoudMostafa_19102461_2021/MIPS_SOURCES/MahmoudMostafa_memUnit/MemoryUnit.vhd" sub00/vhpl18 1653942878
AR alu_control behavioral "D:/Documents/Year 3/Term 6/Xilinx Programs/Mips/MahmoudMostafa_19102461_2021/MIPS_SOURCES/Alu_control/ALU_Control.vhd" sub00/vhpl13 1653942875
EN project_mips NULL "D:/Documents/Year 3/Term 6/Xilinx Programs/Mips/MahmoudMostafa_19102461_2021/mIPS/MIPS_SINGLECYCLE/PROJECT_MIPS.vhd" sub00/vhpl26 1653942886
AR shiftleft behavioral "D:/Documents/Year 3/Term 6/Xilinx Programs/Mips/MahmoudMostafa_19102461_2021/MIPS_SOURCES/ShiftLeft2Bit/ShiftLeft.vhd" sub00/vhpl23 1653942883
EN instmem NULL "D:/Documents/Year 3/Term 6/Xilinx Programs/Mips/MahmoudMostafa_19102461_2021/MIPS_SOURCES/InstructionMemory/InstMem.vhd" sub00/vhpl04 1653942866
EN signextend32bit NULL "D:/Documents/Year 3/Term 6/Xilinx Programs/Mips/MahmoudMostafa_19102461_2021/MIPS_SOURCES/Mahmoud_Mostafa_ALU_SignExtend/SignExtend/SignExtend32Bit.vhd" sub00/vhpl06 1653942868
EN mux2_1 NULL "D:/Documents/Year 3/Term 6/Xilinx Programs/Mips/MahmoudMostafa_19102461_2021/MIPS_SOURCES/Mux_32BIT/Mux2_1.vhd" sub00/vhpl14 1653942864
EN control NULL "D:/Documents/Year 3/Term 6/Xilinx Programs/Mips/MahmoudMostafa_19102461_2021/MIPS_SOURCES/Mahmoud_Mastafa_ControlUnit/ALU_Control/Control.vhd" sub00/vhpl20 1653942880
AR adder32bit behavioral "D:/Documents/Year 3/Term 6/Xilinx Programs/Mips/MahmoudMostafa_19102461_2021/MIPS_SOURCES/Adder/Adder32Bit.vhd" sub00/vhpl01 1653942861
AR registerfile behavioral "D:/Documents/Year 3/Term 6/Xilinx Programs/Mips/MahmoudMostafa_19102461_2021/MIPS_SOURCES/MahmoudMostafa_Register/Reg/Register.vhd" sub00/vhpl11 1653942873
AR project_mips behavioral "D:/Documents/Year 3/Term 6/Xilinx Programs/Mips/MahmoudMostafa_19102461_2021/mIPS/MIPS_SINGLECYCLE/PROJECT_MIPS.vhd" sub00/vhpl27 1653942887
EN adder4bit NULL "D:/Documents/Year 3/Term 6/Xilinx Programs/Mips/MahmoudMostafa_19102461_2021/MIPS_SOURCES/Adder2/Adder4Bit.vhd" sub00/vhpl02 1653942862
AR mux_5 behavioral "D:/Documents/Year 3/Term 6/Xilinx Programs/Mips/MahmoudMostafa_19102461_2021/MIPS_SOURCES/Mux_5BIT/MUX_5.vhd" sub00/vhpl09 1653942871
AR pccounter behavioral "D:/Documents/Year 3/Term 6/Xilinx Programs/Mips/MahmoudMostafa_19102461_2021/MIPS_SOURCES/PC/PCCounter.vhd" sub00/vhpl25 1653942885
AR control behavioral "D:/Documents/Year 3/Term 6/Xilinx Programs/Mips/MahmoudMostafa_19102461_2021/MIPS_SOURCES/Mahmoud_Mastafa_ControlUnit/ALU_Control/Control.vhd" sub00/vhpl21 1653942881
EN pccounter NULL "D:/Documents/Year 3/Term 6/Xilinx Programs/Mips/MahmoudMostafa_19102461_2021/MIPS_SOURCES/PC/PCCounter.vhd" sub00/vhpl24 1653942884
EN registerfile NULL "D:/Documents/Year 3/Term 6/Xilinx Programs/Mips/MahmoudMostafa_19102461_2021/MIPS_SOURCES/MahmoudMostafa_Register/Reg/Register.vhd" sub00/vhpl10 1653942872
