V3 69
FL "D:/Documents/Year 3/Term 6/Xilinx Programs/Mips/MahmoudMostafa_19102461_2021/mIPS/MIPS_SINGLECYCLE/PROJECT_MIPS.vhd" 2022/05/30.22:28:12 P.20131013
EN work/PROJECT_MIPS 1653942886 \
      FL "D:/Documents/Year 3/Term 6/Xilinx Programs/Mips/MahmoudMostafa_19102461_2021/mIPS/MIPS_SINGLECYCLE/PROJECT_MIPS.vhd" \
      PB ieee/std_logic_1164 1381692176
AR work/PROJECT_MIPS/Behavioral 1653942887 \
      FL "D:/Documents/Year 3/Term 6/Xilinx Programs/Mips/MahmoudMostafa_19102461_2021/mIPS/MIPS_SINGLECYCLE/PROJECT_MIPS.vhd" \
      EN work/PROJECT_MIPS 1653942886 CP Adder32Bit CP Adder4Bit CP Mux2_1 \
      CP InstMem CP SignExtend32Bit CP MUX_5 CP RegisterFile CP ALU_Control \
      CP ALU4Bit CP MemoryUnit CP Control CP ShiftLeft CP PCCounter
FL "D:/Documents/Year 3/Term 6/Xilinx Programs/Mips/MahmoudMostafa_19102461_2021/MIPS_SOURCES/Adder/Adder32Bit.vhd" 2022/05/30.22:02:41 P.20131013
EN work/Adder32Bit 1653942860 \
      FL "D:/Documents/Year 3/Term 6/Xilinx Programs/Mips/MahmoudMostafa_19102461_2021/MIPS_SOURCES/Adder/Adder32Bit.vhd" \
      PB ieee/std_logic_1164 1381692176 PB ieee/std_logic_arith 1381692177 \
      PB ieee/STD_LOGIC_UNSIGNED 1381692179
AR work/Adder32Bit/Behavioral 1653942861 \
      FL "D:/Documents/Year 3/Term 6/Xilinx Programs/Mips/MahmoudMostafa_19102461_2021/MIPS_SOURCES/Adder/Adder32Bit.vhd" \
      EN work/Adder32Bit 1653942860
FL "D:/Documents/Year 3/Term 6/Xilinx Programs/Mips/MahmoudMostafa_19102461_2021/MIPS_SOURCES/Adder2/Adder4Bit.vhd" 2022/05/30.22:04:17 P.20131013
EN work/Adder4Bit 1653942862 \
      FL "D:/Documents/Year 3/Term 6/Xilinx Programs/Mips/MahmoudMostafa_19102461_2021/MIPS_SOURCES/Adder2/Adder4Bit.vhd" \
      PB ieee/std_logic_1164 1381692176 PB ieee/std_logic_arith 1381692177 \
      PB ieee/STD_LOGIC_UNSIGNED 1381692179
AR work/Adder4Bit/Behavioral 1653942863 \
      FL "D:/Documents/Year 3/Term 6/Xilinx Programs/Mips/MahmoudMostafa_19102461_2021/MIPS_SOURCES/Adder2/Adder4Bit.vhd" \
      EN work/Adder4Bit 1653942862
FL "D:/Documents/Year 3/Term 6/Xilinx Programs/Mips/MahmoudMostafa_19102461_2021/MIPS_SOURCES/Alu_control/ALU_Control.vhd" 2022/03/25.08:31:43 P.20131013
EN work/ALU_Control 1653942874 \
      FL "D:/Documents/Year 3/Term 6/Xilinx Programs/Mips/MahmoudMostafa_19102461_2021/MIPS_SOURCES/Alu_control/ALU_Control.vhd" \
      PB ieee/std_logic_1164 1381692176
AR work/ALU_Control/Behavioral 1653942875 \
      FL "D:/Documents/Year 3/Term 6/Xilinx Programs/Mips/MahmoudMostafa_19102461_2021/MIPS_SOURCES/Alu_control/ALU_Control.vhd" \
      EN work/ALU_Control 1653942874
FL "D:/Documents/Year 3/Term 6/Xilinx Programs/Mips/MahmoudMostafa_19102461_2021/MIPS_SOURCES/InstructionMemory/InstMem.vhd" 2022/05/30.21:40:21 P.20131013
EN work/InstMem 1653942866 \
      FL "D:/Documents/Year 3/Term 6/Xilinx Programs/Mips/MahmoudMostafa_19102461_2021/MIPS_SOURCES/InstructionMemory/InstMem.vhd" \
      PB ieee/std_logic_1164 1381692176 PB ieee/NUMERIC_STD 1381692181
AR work/InstMem/Behavioral 1653942867 \
      FL "D:/Documents/Year 3/Term 6/Xilinx Programs/Mips/MahmoudMostafa_19102461_2021/MIPS_SOURCES/InstructionMemory/InstMem.vhd" \
      EN work/InstMem 1653942866
FL "D:/Documents/Year 3/Term 6/Xilinx Programs/Mips/MahmoudMostafa_19102461_2021/MIPS_SOURCES/MahmoudMostafa_memUnit/MemoryUnit.vhd" 2022/05/26.03:04:47 P.20131013
EN work/MemoryUnit 1653942878 \
      FL "D:/Documents/Year 3/Term 6/Xilinx Programs/Mips/MahmoudMostafa_19102461_2021/MIPS_SOURCES/MahmoudMostafa_memUnit/MemoryUnit.vhd" \
      PB ieee/std_logic_1164 1381692176 PB ieee/NUMERIC_STD 1381692181
AR work/MemoryUnit/Behavioral 1653942879 \
      FL "D:/Documents/Year 3/Term 6/Xilinx Programs/Mips/MahmoudMostafa_19102461_2021/MIPS_SOURCES/MahmoudMostafa_memUnit/MemoryUnit.vhd" \
      EN work/MemoryUnit 1653942878
FL "D:/Documents/Year 3/Term 6/Xilinx Programs/Mips/MahmoudMostafa_19102461_2021/MIPS_SOURCES/MahmoudMostafa_Register/Reg/Register.vhd" 2022/05/30.21:42:58 P.20131013
EN work/RegisterFile 1653942872 \
      FL "D:/Documents/Year 3/Term 6/Xilinx Programs/Mips/MahmoudMostafa_19102461_2021/MIPS_SOURCES/MahmoudMostafa_Register/Reg/Register.vhd" \
      PB ieee/std_logic_1164 1381692176 PB ieee/NUMERIC_STD 1381692181
AR work/RegisterFile/Behavioral 1653942873 \
      FL "D:/Documents/Year 3/Term 6/Xilinx Programs/Mips/MahmoudMostafa_19102461_2021/MIPS_SOURCES/MahmoudMostafa_Register/Reg/Register.vhd" \
      EN work/RegisterFile 1653942872
FL "D:/Documents/Year 3/Term 6/Xilinx Programs/Mips/MahmoudMostafa_19102461_2021/MIPS_SOURCES/Mahmoud_Mastafa_ControlUnit/ALU_Control/Control.vhd" 2022/05/30.21:59:10 P.20131013
EN work/Control 1653942880 \
      FL "D:/Documents/Year 3/Term 6/Xilinx Programs/Mips/MahmoudMostafa_19102461_2021/MIPS_SOURCES/Mahmoud_Mastafa_ControlUnit/ALU_Control/Control.vhd" \
      PB ieee/std_logic_1164 1381692176 PB ieee/std_logic_arith 1381692177 \
      PB ieee/STD_LOGIC_UNSIGNED 1381692179
AR work/Control/Behavioral 1653942881 \
      FL "D:/Documents/Year 3/Term 6/Xilinx Programs/Mips/MahmoudMostafa_19102461_2021/MIPS_SOURCES/Mahmoud_Mastafa_ControlUnit/ALU_Control/Control.vhd" \
      EN work/Control 1653942880
FL "D:/Documents/Year 3/Term 6/Xilinx Programs/Mips/MahmoudMostafa_19102461_2021/MIPS_SOURCES/Mahmoud_Mostafa_ALU_SignExtend/alu/ALU4Bit.vhd" 2022/05/30.21:49:58 P.20131013
EN work/ALU4Bit 1653942876 \
      FL "D:/Documents/Year 3/Term 6/Xilinx Programs/Mips/MahmoudMostafa_19102461_2021/MIPS_SOURCES/Mahmoud_Mostafa_ALU_SignExtend/alu/ALU4Bit.vhd" \
      PB ieee/std_logic_1164 1381692176 PB ieee/std_logic_arith 1381692177 \
      PB ieee/STD_LOGIC_UNSIGNED 1381692179
AR work/ALU4Bit/Behavioral 1653942877 \
      FL "D:/Documents/Year 3/Term 6/Xilinx Programs/Mips/MahmoudMostafa_19102461_2021/MIPS_SOURCES/Mahmoud_Mostafa_ALU_SignExtend/alu/ALU4Bit.vhd" \
      EN work/ALU4Bit 1653942876
FL "D:/Documents/Year 3/Term 6/Xilinx Programs/Mips/MahmoudMostafa_19102461_2021/MIPS_SOURCES/Mahmoud_Mostafa_ALU_SignExtend/SignExtend/SignExtend32Bit.vhd" 2022/05/30.22:11:41 P.20131013
EN work/SignExtend32Bit 1653942868 \
      FL "D:/Documents/Year 3/Term 6/Xilinx Programs/Mips/MahmoudMostafa_19102461_2021/MIPS_SOURCES/Mahmoud_Mostafa_ALU_SignExtend/SignExtend/SignExtend32Bit.vhd" \
      PB ieee/std_logic_1164 1381692176 PB ieee/std_logic_arith 1381692177 \
      PB ieee/STD_LOGIC_UNSIGNED 1381692179
AR work/SignExtend32Bit/Behavioral 1653942869 \
      FL "D:/Documents/Year 3/Term 6/Xilinx Programs/Mips/MahmoudMostafa_19102461_2021/MIPS_SOURCES/Mahmoud_Mostafa_ALU_SignExtend/SignExtend/SignExtend32Bit.vhd" \
      EN work/SignExtend32Bit 1653942868
FL "D:/Documents/Year 3/Term 6/Xilinx Programs/Mips/MahmoudMostafa_19102461_2021/MIPS_SOURCES/Mux_32BIT/Mux2_1.vhd" 2022/05/30.22:06:56 P.20131013
EN work/Mux2_1 1653942864 \
      FL "D:/Documents/Year 3/Term 6/Xilinx Programs/Mips/MahmoudMostafa_19102461_2021/MIPS_SOURCES/Mux_32BIT/Mux2_1.vhd" \
      PB ieee/std_logic_1164 1381692176
AR work/Mux2_1/Behavioral 1653942865 \
      FL "D:/Documents/Year 3/Term 6/Xilinx Programs/Mips/MahmoudMostafa_19102461_2021/MIPS_SOURCES/Mux_32BIT/Mux2_1.vhd" \
      EN work/Mux2_1 1653942864
FL "D:/Documents/Year 3/Term 6/Xilinx Programs/Mips/MahmoudMostafa_19102461_2021/MIPS_SOURCES/Mux_5BIT/MUX_5.vhd" 2022/05/18.18:09:04 P.20131013
EN work/MUX_5 1653942870 \
      FL "D:/Documents/Year 3/Term 6/Xilinx Programs/Mips/MahmoudMostafa_19102461_2021/MIPS_SOURCES/Mux_5BIT/MUX_5.vhd" \
      PB ieee/std_logic_1164 1381692176
AR work/MUX_5/Behavioral 1653942871 \
      FL "D:/Documents/Year 3/Term 6/Xilinx Programs/Mips/MahmoudMostafa_19102461_2021/MIPS_SOURCES/Mux_5BIT/MUX_5.vhd" \
      EN work/MUX_5 1653942870
FL "D:/Documents/Year 3/Term 6/Xilinx Programs/Mips/MahmoudMostafa_19102461_2021/MIPS_SOURCES/PC/PCCounter.vhd" 2022/05/26.02:56:13 P.20131013
EN work/PCCounter 1653942884 \
      FL "D:/Documents/Year 3/Term 6/Xilinx Programs/Mips/MahmoudMostafa_19102461_2021/MIPS_SOURCES/PC/PCCounter.vhd" \
      PB ieee/std_logic_1164 1381692176
AR work/PCCounter/Behavioral 1653942885 \
      FL "D:/Documents/Year 3/Term 6/Xilinx Programs/Mips/MahmoudMostafa_19102461_2021/MIPS_SOURCES/PC/PCCounter.vhd" \
      EN work/PCCounter 1653942884
FL "D:/Documents/Year 3/Term 6/Xilinx Programs/Mips/MahmoudMostafa_19102461_2021/MIPS_SOURCES/ShiftLeft2Bit/ShiftLeft.vhd" 2022/04/04.11:07:07 P.20131013
EN work/ShiftLeft 1653942882 \
      FL "D:/Documents/Year 3/Term 6/Xilinx Programs/Mips/MahmoudMostafa_19102461_2021/MIPS_SOURCES/ShiftLeft2Bit/ShiftLeft.vhd" \
      PB ieee/std_logic_1164 1381692176
AR work/ShiftLeft/Behavioral 1653942883 \
      FL "D:/Documents/Year 3/Term 6/Xilinx Programs/Mips/MahmoudMostafa_19102461_2021/MIPS_SOURCES/ShiftLeft2Bit/ShiftLeft.vhd" \
      EN work/ShiftLeft 1653942882
FL "D:/Documents/Year 3/Term 6/Xilinx Programs/Mips/mIPS/MIPS_SINGLECYCLE/PROJECT_MIPS.vhd" 2022/05/26.08:09:18 P.20131013
FL "D:/Documents/Year 3/Term 6/Xilinx Programs/Mips/MIPS_SOURCES/Adder/Adder32Bit.vhd" 2022/05/25.21:31:03 P.20131013
FL "D:/Documents/Year 3/Term 6/Xilinx Programs/Mips/MIPS_SOURCES/Adder2/Adder4Bit.vhd" 2022/05/06.16:11:45 P.20131013
FL "D:/Documents/Year 3/Term 6/Xilinx Programs/Mips/MIPS_SOURCES/Alu_control/ALU_Control.vhd" 2022/03/25.08:31:43 P.20131013
FL "D:/Documents/Year 3/Term 6/Xilinx Programs/Mips/MIPS_SOURCES/InstructionMemory/InstMem.vhd" 2022/05/26.03:54:38 P.20131013
FL "D:/Documents/Year 3/Term 6/Xilinx Programs/Mips/MIPS_SOURCES/MahmoudMostafa_memUnit/MemoryUnit.vhd" 2022/05/26.03:04:47 P.20131013
FL "D:/Documents/Year 3/Term 6/Xilinx Programs/Mips/MIPS_SOURCES/MahmoudMostafa_Register/Reg/Register.vhd" 2022/05/25.23:32:24 P.20131013
FL "D:/Documents/Year 3/Term 6/Xilinx Programs/Mips/MIPS_SOURCES/Mahmoud_Mastafa_ControlUnit/ALU_Control/Control.vhd" 2022/05/26.08:22:21 P.20131013
FL "D:/Documents/Year 3/Term 6/Xilinx Programs/Mips/MIPS_SOURCES/Mahmoud_Mostafa_ALU_SignExtend/alu/ALU4Bit.vhd" 2022/02/28.11:43:03 P.20131013
FL "D:/Documents/Year 3/Term 6/Xilinx Programs/Mips/MIPS_SOURCES/Mahmoud_Mostafa_ALU_SignExtend/SignExtend/SignExtend32Bit.vhd" 2022/05/23.13:19:16 P.20131013
FL "D:/Documents/Year 3/Term 6/Xilinx Programs/Mips/MIPS_SOURCES/Mux_32BIT/Mux2_1.vhd" 2022/05/02.22:35:36 P.20131013
FL "D:/Documents/Year 3/Term 6/Xilinx Programs/Mips/MIPS_SOURCES/Mux_5BIT/MUX_5.vhd" 2022/05/18.18:09:04 P.20131013
FL "D:/Documents/Year 3/Term 6/Xilinx Programs/Mips/MIPS_SOURCES/PC/PCCounter.vhd" 2022/05/26.02:56:13 P.20131013
FL "D:/Documents/Year 3/Term 6/Xilinx Programs/Mips/MIPS_SOURCES/ShiftLeft2Bit/ShiftLeft.vhd" 2022/04/04.11:07:07 P.20131013
